---
source: src/lang/go/mod.rs
expression: inputs
---
AllInputs {
    native_build_inputs: Inputs {
        always: {
            "pkg-config",
            "wrapGAppsHook",
            "wrapGAppsHook4",
        },
        darwin: {},
        aarch64_darwin: {},
        x86_64_darwin: {},
        linux: {},
        aarch64_linux: {},
        x86_64_linux: {},
    },
    build_inputs: Inputs {
        always: {
            "gobject-introspection",
            "gtk3",
            "gtk4",
        },
        darwin: {},
        aarch64_darwin: {},
        x86_64_darwin: {},
        linux: {
            "xorg.libX11",
        },
        aarch64_linux: {},
        x86_64_linux: {},
    },
    env: {},
}
